../Core/Src/flash_w25q.c:15:13:W25Q_BuildCommand	24	static
../Core/Src/flash_w25q.c:35:26:W25Q_WriteEnable	96	static
../Core/Src/flash_w25q.c:42:16:W25Q_ReadStatusReg1	104	static
../Core/Src/flash_w25q.c:55:13:W25Q_WaitBusy	8	static
../Core/Src/flash_w25q.c:63:19:W25Q_Init	104	static
../Core/Src/flash_w25q.c:89:19:W25Q_EraseSector	104	static
../Core/Src/flash_w25q.c:105:19:W25Q_WritePage	112	static
../Core/Src/flash_w25q.c:128:19:W25Q_Read	112	static
../Core/Src/flash_w25q.c:141:19:W25Q_EraseChip	96	static
