04:39:27 **** Incremental Build of configuration Debug for project STM32_CUBE ****
make -j12 all 
arm-none-eabi-gcc "../Core/Src/sensor_lsm6dso.c" -mcpu=cortex-m33 -std=gnu11 -g3 -DDEBUG -DUX_INCLUDE_USER_DEFINE_FILE -DUSE_HAL_DRIVER -DSTM32H562xx -c -I../USBX/App -I../USBX/Target -I../Core/Inc -I../Drivers/STM32H5xx_HAL_Driver/Inc -I../Drivers/STM32H5xx_HAL_Driver/Inc/Legacy -I../Drivers/CMSIS/Device/ST/STM32H5xx/Include -I../Middlewares/ST/usbx/common/core/inc -I../Middlewares/ST/usbx/ports/generic/inc -I../Middlewares/ST/usbx/common/usbx_stm32_device_controllers -I../Middlewares/ST/usbx/common/usbx_device_classes/inc -I../Drivers/CMSIS/Include -O0 -ffunction-sections -fdata-sections -Wall -fstack-usage -fcyclomatic-complexity -MMD -MP -MF"Core/Src/sensor_lsm6dso.d" -MT"Core/Src/sensor_lsm6dso.o" --specs=nano.specs -mfpu=fpv5-sp-d16 -mfloat-abi=hard -mthumb -o "Core/Src/sensor_lsm6dso.o"
arm-none-eabi-gcc "../Core/Src/sensor_ms5611.c" -mcpu=cortex-m33 -std=gnu11 -g3 -DDEBUG -DUX_INCLUDE_USER_DEFINE_FILE -DUSE_HAL_DRIVER -DSTM32H562xx -c -I../USBX/App -I../USBX/Target -I../Core/Inc -I../Drivers/STM32H5xx_HAL_Driver/Inc -I../Drivers/STM32H5xx_HAL_Driver/Inc/Legacy -I../Drivers/CMSIS/Device/ST/STM32H5xx/Include -I../Middlewares/ST/usbx/common/core/inc -I../Middlewares/ST/usbx/ports/generic/inc -I../Middlewares/ST/usbx/common/usbx_stm32_device_controllers -I../Middlewares/ST/usbx/common/usbx_device_classes/inc -I../Drivers/CMSIS/Include -O0 -ffunction-sections -fdata-sections -Wall -fstack-usage -fcyclomatic-complexity -MMD -MP -MF"Core/Src/sensor_ms5611.d" -MT"Core/Src/sensor_ms5611.o" --specs=nano.specs -mfpu=fpv5-sp-d16 -mfloat-abi=hard -mthumb -o "Core/Src/sensor_ms5611.o"
arm-none-eabi-gcc -o "STM32_CUBE.elf" @"objects.list"   -mcpu=cortex-m33 -T"C:\Users\PlanAndBuild\Desktop\Elektronika\NNCpro\soft\STM32_CUBE\STM32H562RIVX_FLASH.ld" --specs=nosys.specs -Wl,-Map="STM32_CUBE.map" -Wl,--gc-sections -static --specs=nano.specs -mfpu=fpv5-sp-d16 -mfloat-abi=hard -mthumb -Wl,--start-group -lc -lm -Wl,--end-group
Finished building target: STM32_CUBE.elf
 
arm-none-eabi-size  STM32_CUBE.elf 
arm-none-eabi-objdump -h -S STM32_CUBE.elf  > "STM32_CUBE.list"
   text	   data	    bss	    dec	    hex	filename
  95360	    548	   5940	 101848	  18dd8	STM32_CUBE.elf
Finished building: default.size.stdout
 
Finished building: STM32_CUBE.list
 
