../Core/Src/main.c:82:5:main	8	static
../Core/Src/main.c:137:6:SystemClock_Config	120	static
../Core/Src/main.c:198:13:MX_I2C2_Init	8	static
../Core/Src/main.c:246:13:MX_ICACHE_Init	8	static
../Core/Src/main.c:278:13:MX_OCTOSPI1_Init	8	static
../Core/Src/main.c:319:13:MX_SPI3_Init	8	static
../Core/Src/main.c:367:13:MX_UART4_Init	8	static
../Core/Src/main.c:415:13:MX_USB_PCD_Init	8	static
../Core/Src/main.c:451:13:MX_GPIO_Init	56	static
../Core/Src/main.c:553:6:MPU_Config	32	static
../Core/Src/main.c:589:6:Error_Handler	4	static,ignoring_inline_asm
